<html>
<body>
<pre>
<h1>µVision Build Log</h1>
<h2>Project:</h2>
C:\Users\shorouk\Desktop\GateWay\keil4\gateway.uvproj
Project File Date:  03/17/2020

<h2>Output:</h2>
Rebuild target 'Target 1'
assembling startup_TM4C123.s...
compiling bl_CAN.c...
compiling can_driver.c...
compiling GW_main.c...
compiling sysctl.c...
linking...
Program Size: Code=3780 RO-data=700 RW-data=868 ZI-data=612  
".\gateway.axf" - 0 Error(s), 0 Warning(s).
Load "C:\\Users\\shorouk\\Desktop\\GateWay\\keil4\\gateway.axf" 
Connecting: Mode=JTAG, Speed=1000000Hz
Erase Done.
Programming Done.
Verify OK.
